// Jest Snapshot v1, https://goo.gl/fbAQLP

exports[`Social Scanner Service Snapshots should match expected circuit breaker config 1`] = `
{
  "failureThreshold": 5,
  "halfOpenMaxAttempts": 2,
  "resetTimeoutMs": 60000,
}
`;

exports[`Social Scanner Service Snapshots should match expected health status structure 1`] = `
{
  "circuitConfig": {
    "failureThreshold": 5,
    "halfOpenMaxAttempts": 2,
    "resetTimeoutMs": 60000,
  },
  "rateLimitConfig": {
    "maxRequestsPerMinute": 10,
    "windowMs": 60000,
  },
  "statusTypes": [
    "HEALTHY",
    "DEGRADED",
    "THROTTLED",
    "RECOVERING",
  ],
}
`;

exports[`Social Scanner Service Snapshots should match expected rate limit config 1`] = `
{
  "maxRequestsPerMinute": 10,
  "windowMs": 60000,
}
`;
